          policy-137990 [001] 112135.748056: sched_switch:         taskset:137990 [120] R ==> migration/1:25 [0]
          policy-137990 [000] 112135.748958: sched_switch:         policy:137990 [120] D ==> policy:137991 [120]
          policy-137990 [000] 112135.749899: sched_switch:         policy:137990 [120] D ==> policy:137992 [120]
          policy-137992 [000] 112137.448369: sched_switch:         policy:137992 [69] R ==> policy:137993 [120]
     ksoftirqd/0-16    [000] 112137.449406: sched_switch:         ksoftirqd/0:16 [120] S ==> policy:137994 [120]
          policy-137994 [000] 112137.450369: sched_switch:         policy:137994 [69] R ==> policy:137995 [120]
          policy-137995 [000] 112137.451369: sched_switch:         policy:137995 [69] R ==> policy:137996 [120]
          policy-137996 [000] 112137.452367: sched_switch:         policy:137996 [69] R ==> policy:137997 [120]
          policy-137997 [000] 112137.453366: sched_switch:         policy:137997 [69] R ==> policy:137998 [120]
          policy-137998 [000] 112137.454366: sched_switch:         policy:137998 [69] R ==> policy:137999 [120]
          policy-137999 [000] 112137.455367: sched_switch:         policy:137999 [69] R ==> policy:138000 [120]
          policy-138000 [000] 112137.456366: sched_switch:         policy:138000 [69] R ==> policy:138001 [120]
          policy-138001 [000] 112137.457365: sched_switch:         policy:138001 [69] R ==> policy:138002 [120]
              ps-138013 [000] 112137.498236: sched_switch:         ps:138013 [120] R ==> policy:137992 [69]
          policy-137992 [000] 112137.498367: sched_switch:         policy:137992 [69] R ==> policy:137993 [69]
          policy-137993 [000] 112137.597362: sched_switch:         policy:137993 [69] R ==> policy:137994 [69]
          policy-137994 [000] 112137.696361: sched_switch:         policy:137994 [69] R ==> policy:137995 [69]
          policy-137995 [000] 112137.795357: sched_switch:         policy:137995 [69] R ==> policy:137996 [69]
          policy-137996 [000] 112137.894354: sched_switch:         policy:137996 [69] R ==> policy:137997 [69]
          policy-137997 [000] 112137.993352: sched_switch:         policy:137997 [69] R ==> policy:137998 [69]
          policy-137998 [000] 112138.092350: sched_switch:         policy:137998 [69] R ==> policy:137999 [69]
          policy-137999 [000] 112138.191349: sched_switch:         policy:137999 [69] R ==> policy:138000 [69]
          policy-138000 [000] 112138.290345: sched_switch:         policy:138000 [69] R ==> policy:138001 [69]
          policy-138001 [000] 112138.389342: sched_switch:         policy:138001 [69] R ==> policy:137992 [69]
          policy-137992 [000] 112138.439343: sched_switch:         policy:137992 [69] R ==> ps:138013 [120]
          policy-137990 [000] 112138.450706: sched_switch:         policy:137990 [120] S ==> swapper/0:0 [120]
          <idle>-0     [000] 112138.498218: sched_switch:         swapper/0:0 [120] R ==> policy:137992 [69]
          policy-137992 [000] 112138.547339: sched_switch:         policy:137992 [69] R ==> policy:137993 [69]
          policy-137993 [000] 112138.576852: sched_switch:         policy:137993 [69] R ==> migration/0:20 [0]
     migration/0-20    [000] 112138.576855: sched_switch:         migration/0:20 [0] S ==> policy:137993 [69]
          policy-137993 [000] 112138.647335: sched_switch:         policy:137993 [69] R ==> policy:137994 [69]
          policy-137994 [000] 112138.747334: sched_switch:         policy:137994 [69] R ==> policy:137995 [69]
          policy-137995 [000] 112138.847331: sched_switch:         policy:137995 [69] R ==> policy:137996 [69]
          policy-137996 [000] 112138.947330: sched_switch:         policy:137996 [69] R ==> policy:137997 [69]
          policy-137997 [000] 112139.047327: sched_switch:         policy:137997 [69] R ==> policy:137998 [69]
          policy-137998 [000] 112139.147324: sched_switch:         policy:137998 [69] R ==> policy:137999 [69]
          policy-137999 [000] 112139.247323: sched_switch:         policy:137999 [69] R ==> policy:138000 [69]
          policy-138000 [000] 112139.347321: sched_switch:         policy:138000 [69] R ==> policy:138001 [69]
          <idle>-0     [000] 112139.498209: sched_switch:         swapper/0:0 [120] R ==> policy:137992 [69]
          policy-137992 [000] 112139.597313: sched_switch:         policy:137992 [69] R ==> policy:137993 [69]
          policy-137993 [000] 112139.697310: sched_switch:         policy:137993 [69] R ==> policy:137994 [69]
          policy-137994 [000] 112139.797308: sched_switch:         policy:137994 [69] R ==> policy:137995 [69]
          policy-137995 [000] 112139.897306: sched_switch:         policy:137995 [69] R ==> policy:137996 [69]
          policy-137996 [000] 112139.997306: sched_switch:         policy:137996 [69] R ==> policy:137997 [69]
          policy-137997 [000] 112140.097301: sched_switch:         policy:137997 [69] R ==> policy:137998 [69]
          policy-137998 [000] 112140.197299: sched_switch:         policy:137998 [69] R ==> policy:137999 [69]
          policy-137999 [000] 112140.297296: sched_switch:         policy:137999 [69] R ==> policy:138000 [69]
          policy-138000 [000] 112140.397293: sched_switch:         policy:138000 [69] R ==> policy:138001 [69]
        cinnamon-86751 [000] 112140.498162: sched_switch:         cinnamon:86751 [120] R ==> policy:138001 [69]
          policy-138001 [000] 112140.546292: sched_switch:         policy:138001 [69] R ==> policy:137992 [69]
          policy-137992 [000] 112140.646288: sched_switch:         policy:137992 [69] R ==> policy:137993 [69]
          policy-137993 [000] 112140.746290: sched_switch:         policy:137993 [69] R ==> policy:137994 [69]
          policy-137994 [000] 112140.846283: sched_switch:         policy:137994 [69] R ==> policy:137995 [69]
          policy-137995 [000] 112140.946281: sched_switch:         policy:137995 [69] R ==> policy:137996 [69]
          policy-137996 [000] 112141.046278: sched_switch:         policy:137996 [69] R ==> policy:137997 [69]
          policy-137997 [000] 112141.146275: sched_switch:         policy:137997 [69] R ==> policy:137998 [69]
          policy-137998 [000] 112141.246273: sched_switch:         policy:137998 [69] R ==> policy:137999 [69]
          policy-137999 [000] 112141.346270: sched_switch:         policy:137999 [69] R ==> policy:138000 [69]
          policy-138000 [000] 112141.446267: sched_switch:         policy:138000 [69] R ==> policy:138001 [69]
          <idle>-0     [000] 112141.498383: sched_switch:         swapper/0:0 [120] R ==> policy:138001 [69]
          policy-138001 [000] 112141.596266: sched_switch:         policy:138001 [69] R ==> policy:137992 [69]
          policy-137992 [000] 112141.696261: sched_switch:         policy:137992 [69] R ==> policy:137993 [69]
          policy-137993 [000] 112141.796259: sched_switch:         policy:137993 [69] R ==> policy:137994 [69]
          policy-137994 [000] 112141.896256: sched_switch:         policy:137994 [69] R ==> policy:137995 [69]
          policy-137995 [000] 112141.996255: sched_switch:         policy:137995 [69] R ==> policy:137996 [69]
          policy-137996 [000] 112142.096252: sched_switch:         policy:137996 [69] R ==> policy:137997 [69]
          policy-137997 [000] 112142.196250: sched_switch:         policy:137997 [69] R ==> policy:137998 [69]
          policy-137998 [000] 112142.296249: sched_switch:         policy:137998 [69] R ==> policy:137999 [69]
          policy-137999 [000] 112142.396245: sched_switch:         policy:137999 [69] R ==> policy:138000 [69]
          <idle>-0     [000] 112142.498160: sched_switch:         swapper/0:0 [120] R ==> policy:138000 [69]
          policy-138000 [000] 112142.545241: sched_switch:         policy:138000 [69] R ==> policy:138001 [69]
          policy-138001 [000] 112142.576753: sched_switch:         policy:138001 [69] R ==> migration/0:20 [0]
     migration/0-20    [000] 112142.576756: sched_switch:         migration/0:20 [0] S ==> policy:138001 [69]
          policy-138001 [000] 112142.645238: sched_switch:         policy:138001 [69] R ==> policy:137992 [69]
          policy-137992 [000] 112142.745235: sched_switch:         policy:137992 [69] R ==> policy:137993 [69]
          policy-137993 [000] 112142.845233: sched_switch:         policy:137993 [69] R ==> policy:137994 [69]
          policy-137994 [000] 112142.945230: sched_switch:         policy:137994 [69] R ==> policy:137995 [69]
          policy-137995 [000] 112143.045229: sched_switch:         policy:137995 [69] R ==> policy:137996 [69]
          policy-137996 [000] 112143.145226: sched_switch:         policy:137996 [69] R ==> policy:137997 [69]
          policy-137997 [000] 112143.245225: sched_switch:         policy:137997 [69] R ==> policy:137998 [69]
          policy-137998 [000] 112143.345222: sched_switch:         policy:137998 [69] R ==> policy:137999 [69]
          policy-137999 [000] 112143.445219: sched_switch:         policy:137999 [69] R ==> policy:138000 [69]
          <idle>-0     [000] 112143.498446: sched_switch:         swapper/0:0 [120] R ==> policy:138000 [69]
          policy-138000 [000] 112143.595216: sched_switch:         policy:138000 [69] R ==> policy:138001 [69]
          policy-138001 [000] 112143.695214: sched_switch:         policy:138001 [69] R ==> policy:137992 [69]
          policy-137992 [000] 112143.795211: sched_switch:         policy:137992 [69] R ==> policy:137993 [69]
          policy-137993 [000] 112143.895208: sched_switch:         policy:137993 [69] R ==> policy:137994 [69]
          policy-137994 [000] 112143.995207: sched_switch:         policy:137994 [69] R ==> policy:137995 [69]
          policy-137995 [000] 112144.095203: sched_switch:         policy:137995 [69] R ==> policy:137996 [69]
          policy-137996 [000] 112144.195203: sched_switch:         policy:137996 [69] R ==> policy:137997 [69]
          policy-137997 [000] 112144.295198: sched_switch:         policy:137997 [69] R ==> policy:137998 [69]
          policy-137998 [000] 112144.395198: sched_switch:         policy:137998 [69] R ==> policy:137999 [69]
          <idle>-0     [000] 112144.498373: sched_switch:         swapper/0:0 [120] R ==> policy:137999 [69]
          policy-137999 [000] 112144.544191: sched_switch:         policy:137999 [69] R ==> policy:138000 [69]
          policy-138000 [000] 112144.644190: sched_switch:         policy:138000 [69] R ==> policy:138001 [69]
          policy-138001 [000] 112144.744189: sched_switch:         policy:138001 [69] R ==> policy:137992 [69]
          policy-137992 [000] 112144.844185: sched_switch:         policy:137992 [69] R ==> policy:137993 [69]
          policy-137993 [000] 112144.944183: sched_switch:         policy:137993 [69] R ==> policy:137994 [69]
          policy-137994 [000] 112145.044180: sched_switch:         policy:137994 [69] R ==> policy:137995 [69]
          policy-137995 [000] 112145.144177: sched_switch:         policy:137995 [69] R ==> policy:137996 [69]
          policy-137996 [000] 112145.244175: sched_switch:         policy:137996 [69] R ==> policy:137997 [69]
          policy-137997 [000] 112145.344173: sched_switch:         policy:137997 [69] R ==> policy:137998 [69]
          policy-137998 [000] 112145.444171: sched_switch:         policy:137998 [69] R ==> policy:137999 [69]
          <idle>-0     [000] 112145.498070: sched_switch:         swapper/0:0 [120] R ==> policy:137999 [69]
          policy-137999 [000] 112145.593167: sched_switch:         policy:137999 [69] R ==> policy:138000 [69]
          policy-138000 [000] 112145.693166: sched_switch:         policy:138000 [69] R ==> policy:138001 [69]
          policy-138001 [000] 112145.793163: sched_switch:         policy:138001 [69] R ==> policy:137992 [69]
          policy-137992 [000] 112145.793301: sched_switch:         policy:137992 [69] D ==> policy:137993 [69]
          policy-137993 [000] 112145.893159: sched_switch:         policy:137993 [69] R ==> policy:137994 [69]
          policy-137994 [000] 112145.993157: sched_switch:         policy:137994 [69] R ==> policy:137995 [69]
          policy-137995 [000] 112146.093154: sched_switch:         policy:137995 [69] R ==> policy:137996 [69]
          policy-137996 [000] 112146.193152: sched_switch:         policy:137996 [69] R ==> policy:137997 [69]
          policy-137997 [000] 112146.293151: sched_switch:         policy:137997 [69] R ==> policy:137998 [69]
          policy-137998 [000] 112146.393148: sched_switch:         policy:137998 [69] R ==> policy:137999 [69]
          <idle>-0     [000] 112146.498059: sched_switch:         swapper/0:0 [120] R ==> policy:137999 [69]
          policy-137999 [000] 112146.542143: sched_switch:         policy:137999 [69] R ==> policy:138000 [69]
          policy-138000 [000] 112146.576658: sched_switch:         policy:138000 [69] R ==> migration/0:20 [0]
     migration/0-20    [000] 112146.576662: sched_switch:         migration/0:20 [0] S ==> policy:138000 [69]
          policy-138000 [000] 112146.642141: sched_switch:         policy:138000 [69] R ==> policy:138001 [69]
          policy-138001 [000] 112146.742138: sched_switch:         policy:138001 [69] R ==> policy:138015 [69]
          policy-137993 [000] 112146.842136: sched_switch:         policy:137993 [69] R ==> policy:137994 [69]
          policy-137994 [000] 112146.942135: sched_switch:         policy:137994 [69] R ==> policy:137995 [69]
          policy-137995 [000] 112147.042133: sched_switch:         policy:137995 [69] R ==> policy:137996 [69]
          policy-137996 [000] 112147.142129: sched_switch:         policy:137996 [69] R ==> policy:137997 [69]
          policy-137997 [000] 112147.242126: sched_switch:         policy:137997 [69] R ==> policy:137998 [69]
          policy-137998 [000] 112147.342124: sched_switch:         policy:137998 [69] R ==> policy:137999 [69]
          policy-137999 [000] 112147.431193: sched_switch:         policy:137999 [69] D ==> policy:138000 [69]
          policy-138000 [000] 112147.431217: sched_switch:         policy:138000 [69] D ==> policy:138001 [69]
          policy-138001 [000] 112147.431245: sched_switch:         policy:138001 [69] D ==> policy:137992 [69]
          policy-137992 [000] 112147.431264: sched_switch:         policy:137992 [69] S ==> policy:137993 [69]
          policy-137993 [000] 112147.431284: sched_switch:         policy:137993 [69] D ==> policy:137994 [69]
          policy-137994 [000] 112147.431306: sched_switch:         policy:137994 [69] D ==> policy:137995 [69]
          policy-137995 [000] 112147.431327: sched_switch:         policy:137995 [69] D ==> policy:137996 [69]
          policy-137996 [000] 112147.431351: sched_switch:         policy:137996 [69] D ==> policy:137997 [69]
          policy-137997 [000] 112147.431398: sched_switch:         policy:137997 [69] D ==> policy:137998 [69]
          policy-137998 [000] 112147.431423: sched_switch:         policy:137998 [69] D ==> policy:138016 [69]
          policy-137999 [000] 112147.434239: sched_switch:         policy:137999 [69] S ==> policy:138000 [69]
          policy-138000 [000] 112147.434253: sched_switch:         policy:138000 [69] S ==> policy:138001 [69]
          policy-138001 [000] 112147.434266: sched_switch:         policy:138001 [69] S ==> policy:137993 [69]
          policy-137993 [000] 112147.434276: sched_switch:         policy:137993 [69] S ==> policy:137994 [69]
          policy-137994 [000] 112147.434289: sched_switch:         policy:137994 [69] S ==> policy:137995 [69]
          policy-137995 [000] 112147.434297: sched_switch:         policy:137995 [69] S ==> policy:137996 [69]
          policy-137996 [000] 112147.434309: sched_switch:         policy:137996 [69] S ==> policy:137997 [69]
          policy-137997 [000] 112147.434320: sched_switch:         policy:137997 [69] S ==> policy:137998 [69]
          policy-137990 [000] 112147.434389: sched_switch:         policy:137990 [120] S ==> swapper/0:0 [120]
        cinnamon-86751 [000] 112148.431254: sched_switch:         cinnamon:86751 [120] R ==> policy:137992 [69]
          policy-137992 [000] 112148.431383: sched_switch:         policy:137992 [69] X ==> cinnamon:86751 [120]
        cinnamon-86751 [000] 112148.432733: sched_switch:         cinnamon:86751 [120] S ==> policy:137990 [120]
          policy-137990 [000] 112148.432746: sched_switch:         policy:137990 [120] S ==> cinnamon:cs0:86762 [120]
          <idle>-0     [000] 112148.434230: sched_switch:         swapper/0:0 [120] R ==> policy:137999 [69]
          policy-137999 [000] 112148.434326: sched_switch:         policy:137999 [69] X ==> policy:138000 [69]
          policy-138000 [000] 112148.434345: sched_switch:         policy:138000 [69] X ==> policy:138001 [69]
          policy-138001 [000] 112148.434361: sched_switch:         policy:138001 [69] X ==> policy:137993 [69]
          policy-137993 [000] 112148.434382: sched_switch:         policy:137993 [69] X ==> policy:137994 [69]
          policy-137994 [000] 112148.434397: sched_switch:         policy:137994 [69] X ==> policy:137995 [69]
          policy-137995 [000] 112148.434413: sched_switch:         policy:137995 [69] X ==> policy:137996 [69]
          policy-137996 [000] 112148.434430: sched_switch:         policy:137996 [69] X ==> policy:137997 [69]
          policy-137997 [000] 112148.434446: sched_switch:         policy:137997 [69] X ==> policy:137998 [69]
          policy-137998 [000] 112148.434460: sched_switch:         policy:137998 [69] X ==> policy:137990 [120]
          policy-137990 [000] 112148.434928: sched_switch:         policy:137990 [120] Z ==> swapper/0:0 [120]
